[solutionstream.com/index.html]
[solutionstream.com/assets/theme/app-icons/favicon.ico]
[solutionstream.com/assets/theme/app-icons/apple-touch-icon.png]
[backblue.gif]
[fade.gif]
[index.html]
[solutionstream.com/css/style.css]
[solutionstream.com/img/asset/YXNzZXRzL3RoZW1lL2FwcC1pY29ucy9vZy1jYXJkLmpwZw==7ad6.jpg]
[solutionstream.com/img/asset/YXNzZXRzL3RoZW1lL2FwcC1pY29ucy9vZy1jYXJkLmpwZw==7519.jpg]
[solutionstream.com/humans.txt]
[solutionstream.com/services.html]
[solutionstream.com/solutionmap.html]
[solutionstream.com/work.html]
[solutionstream.com/company.html]
[solutionstream.com/blog.html]
[solutionstream.com/contact.html]
[solutionstream.com/assets/logos/solutionstream-logo-horz.svg]
[solutionstream.com/assets/logos/solutionstream-logo-white-horz.svg]
[solutionstream.com/services/software-development.html]
[solutionstream.com/img/asset/YXNzZXRzL3NlcnZpY2VzL2RldmVsb3BtZW50LTE2ODYwNzMxMjguanBn28a0.jpg]
[solutionstream.com/services/technical-staffing.html]
[solutionstream.com/img/asset/YXNzZXRzL3NlcnZpY2VzL3dlYi1kZXYtYXJjaC5qcGc=03bf.jpg]
[solutionstream.com/services/ai_solutions.html]
[solutionstream.com/img/asset/YXNzZXRzL3NlcnZpY2VzL3RlY2gucG5n5ca8.png]
[solutionstream.com/img/asset/YXNzZXRzL2hvbWVwYWdlL2V4cGVydHMud2VicA==58c0]
[solutionstream.com/assets/client-logos/adobe-1685555063.svg]
[solutionstream.com/assets/client-logos/fidelity.svg]
[solutionstream.com/assets/client-logos/pearson-logo.svg]
[solutionstream.com/assets/client-logos/ancestry-logo.svg]
[solutionstream.com/assets/client-logos/overstock.svg]
[solutionstream.com/assets/client-logos/youngliving.svg]
[solutionstream.com/assets/client-logos/nuskin.svg]
[solutionstream.com/assets/client-logos/extraspacestorage.svg]
[solutionstream.com/assets/client-logos/doterra.svg]
[solutionstream.com/assets/client-logos/wgu.svg]
[solutionstream.com/assets/client-logos/qualtrics.svg]
[solutionstream.com/assets/client-logos/franklincovey.svg]
[solutionstream.com/assets/client-logos/YoungLiving@2x.png]
[solutionstream.com/assets/client-logos/winder-farms-@2x.png]
[solutionstream.com/assets/client-logos/RealSaltLake@2x.png]
[solutionstream.com/assets/client-logos/modere-logo@2x.svg]
[solutionstream.com/assets/client-logos/nauresSunshine@2x.png]
[solutionstream.com/assets/client-logos/zija@2x.png]
[solutionstream.com/privacy-policy.html]
[solutionstream.com/index.html]
[solutionstream.com/js/app.min.js]
[solutionstream.com/fonts/icons/icomoon6169.ttf]
[solutionstream.com/fonts/icons/icomoon6169.woff]
[solutionstream.com/css/style.css]
[solutionstream.com/img/asset/YXNzZXRzL3NlcnZpY2VzL2RldmVsb3BtZW50LTE2ODYwNzMxMjguanBn2c20.jpg]
[solutionstream.com/fonts/icons/icomoon6169.svg]
[solutionstream.com/img/asset/YXNzZXRzL3NlcnZpY2VzL3dlYi1kZXYtYXJjaC5qcGc=f716.jpg]
[solutionstream.com/services.html]
[solutionstream.com/img/asset/YXNzZXRzL3NlcnZpY2VzL3RlY2gucG5n1889.png]
[solutionstream.com/assets/solutionmap/solutionmap-1.svg]
[solutionstream.com/assets/solutionmap/solutionmap-2.svg]
[solutionstream.com/assets/solutionmap/solutionmap-3.svg]
[solutionstream.com/assets/solutionmap/solutionmap-4.svg]
[solutionstream.com/solutionmap.html]
[solutionstream.com/vendor/statamic-recaptcha/js/recaptcha-v3.js]
[solutionstream.com/work/senegence.html]
[solutionstream.com/assets/projects/senegence/senegence_logo.svg]
[solutionstream.com/img/asset/YXNzZXRzL3Byb2plY3RzL3NlbmVnZW5jZS9zZW5lZ2VuY2UtdGh1bWIud2VicA==5893]
[solutionstream.com/work/deluxe-technicolor.html]
[solutionstream.com/assets/projects/deluxe/deluxe_technicolor_white.svg]
[solutionstream.com/img/asset/YXNzZXRzL3Byb2plY3RzL2RlbHV4ZS9kZWx1eGUtdGh1bWIud2VicA==5107]
[solutionstream.com/work/young-living.html]
[solutionstream.com/assets/projects/young-living/young-living-logo-white.svg]
[solutionstream.com/img/asset/YXNzZXRzL3Byb2plY3RzL3lvdW5nLWxpdmluZy95b3VuZ2xpdmluZy10aHVtYi53ZWJw8365]
[solutionstream.com/work/wgu.html]
[solutionstream.com/assets/projects/wgu/WGU-logo.svg]
[solutionstream.com/img/asset/YXNzZXRzL3Byb2plY3RzL3dndS93Z3UtdGh1bWJuYWlsLmpwZw==1322.jpg]
[solutionstream.com/work/modere.html]
[solutionstream.com/assets/projects/modere/modere-logo-white.png]
[solutionstream.com/img/asset/YXNzZXRzL3Byb2plY3RzL21vZGVyZS9tb2RlcmUtdGh1bWItMTU1ODM5MjgxMC5wbmc=89b9.png]
[solutionstream.com/work/extra-space-storage.html]
[solutionstream.com/assets/projects/extra-space/ess-logo-1527191937.png]
[solutionstream.com/img/asset/YXNzZXRzL3Byb2plY3RzL2V4dHJhLXNwYWNlL2V4dHJhLXNwYWNlLXRodW1iLnBuZw==6f5e.png]
[solutionstream.com/work/byu-idaho.html]
[solutionstream.com/assets/projects/byui/BYU-Idaho-white.svg]
[solutionstream.com/img/asset/YXNzZXRzL3Byb2plY3RzL2J5dWkvYnl1aS10aHVtYi5qcGc=d00d.jpg]
[solutionstream.com/work.html]
[solutionstream.com/img/asset/YXNzZXRzL2NvbXBhbnkvaW5zaWRlLWNvbXBhbnkuanBn001e.jpg]
[solutionstream.com/assets/company/events-primary.jpg]
[solutionstream.com/assets/company/events-secondary.jpg]
[solutionstream.com/assets/company/events-3-2.jpg]
[solutionstream.com/assets/company/events-3.jpg]
[solutionstream.com/company.html]
[solutionstream.com/blog4658.html]
[solutionstream.com/blog/engineers-upgraded-how-solutionstream-turns-great-devs-into-ai-intelligent-engineers.html]
[solutionstream.com/blog/why-companies-choose-outside-vendors-for-hiring-technical-experts.html]
[solutionstream.com/img/asset/YXNzZXRzL2Jsb2cvY2xlbS1vbm9qZWdodW8tZnk4anI0aXVwcW0tdW5zcGxhc2guanBn0af2.jpg]
[solutionstream.com/blog/the-pros-and-cons-of-hiring-contractors-vs-full-time-employees-for-software-development.html]
[solutionstream.com/img/asset/YXNzZXRzL2Jsb2cvdW51c2VkL3NvbHV0aW9uc3RyZWFtLmpwZWc=6137.jpg]
[solutionstream.com/blog/how-ai-affects-custom-software-development.html]
[solutionstream.com/img/asset/YXNzZXRzL2Jsb2cvYWktYWZmZWN0cy1zb2Z0d2FyZS1kZXYuanBlZw==b8b4.jpg]
[solutionstream.com/blog/the-benefits-of-using-nearshore-developers.html]
[solutionstream.com/img/asset/YXNzZXRzL2Jsb2cvbmVhcnNob3JlLWJlbmVmaXRzLmpwZWc=15ad.jpg]
[solutionstream.com/blog/the-pros-and-cons-of-staff-augmentation.html]
[solutionstream.com/img/asset/YXNzZXRzL2Jsb2cvcHJvcy1hbmQtY29ucy1zdGFmZi1hdWcuanBlZw==0ae4.jpg]
[solutionstream.com/blog/artificial-intelligence-and-machine-learning.html]
[solutionstream.com/img/asset/YXNzZXRzL2Jsb2cvZHNjXzA4OTctMi5qcGc=f3ff.jpg]
[solutionstream.com/blog9ba9.html]
[solutionstream.com/blogfdb0.html]
[solutionstream.com/blogaf4d.html]
[solutionstream.com/blog.html]
[solutionstream.com/contact.html]
[solutionstream.com/assets/logos/solutionstream-logo-horz.svg]
[solutionstream.com/assets/logos/solutionstream-logo-white-horz.svg]
[solutionstream.com/blogc575.html]
[solutionstream.com/img/asset/YXNzZXRzL3NlcnZpY2VzL2RldmVsb3BtZW50LTE2ODYwNzMxMjguanBne194.jpg]
[solutionstream.com/assets/services/computer-data-1685656253.jpg]
[solutionstream.com/img/asset/YXNzZXRzL3NlcnZpY2VzL3Jlc2VhcmNoLmpwZw==9a88.jpg]
[solutionstream.com/img/asset/YXNzZXRzL3NlcnZpY2VzL3V4LXVpLmpwZw==8b44.jpg]
[solutionstream.com/img/asset/YXNzZXRzL3NlcnZpY2VzL2RldmVsb3Blci5qcGc=16ed.jpg]
[solutionstream.com/img/asset/YXNzZXRzL3NlcnZpY2VzL3Byb2plY3QtbWFuYWdlbWVudC5qcGc=416f.jpg]
[solutionstream.com/img/asset/YXNzZXRzL3NlcnZpY2VzL3FhLmpwZw==2f51.jpg]
[solutionstream.com/services/software-development.html]
[solutionstream.com/img/asset/YXNzZXRzL3NlcnZpY2VzL3N0YWZmaW5nLmpwZw==2709.jpg]
[solutionstream.com/assets/services/computer-help.jpg]
[solutionstream.com/img/asset/YXNzZXRzL3NlcnZpY2VzL3N0YWdnLWF1Zy5qcGc=190b.jpg]
[solutionstream.com/img/asset/YXNzZXRzL3NlcnZpY2VzL2J1c2luZXNzLWhhbmRzaGFrZS5qcGc=bbf0.jpg]
[solutionstream.com/img/asset/YXNzZXRzL3NlcnZpY2VzL25ldy1qb2IuanBn57d0.jpg]
[solutionstream.com/services/technical-staffing.html]
[solutionstream.com/img/asset/YXNzZXRzL3NlcnZpY2VzL2J1c2luZXNzLXBlb3BsZS5qcGc=4041.jpg]
[solutionstream.com/assets/services/finger-touching.jpg]
[solutionstream.com/img/asset/YXNzZXRzL3NlcnZpY2VzL2FydGlmaWNpYWwtaW50ZWxsaWdlbmNlLmpwZw==d134.jpg]
[solutionstream.com/img/asset/YXNzZXRzL3NlcnZpY2VzL2RpZ2l0YWxpemF0aW9uLmpwZw==3565.jpg]
[solutionstream.com/img/asset/YXNzZXRzL3NlcnZpY2VzL3Byb2plY3QtdG9nZXRoZXIuanBn91ab.jpg]
[solutionstream.com/img/asset/YXNzZXRzL3NlcnZpY2VzL3JvYWRtYXAuanBnc4ef.jpg]
[solutionstream.com/services/ai_solutions.html]
[solutionstream.com/assets/client-logos/adobe-1685555063.svg]
[solutionstream.com/assets/client-logos/fidelity.svg]
[solutionstream.com/assets/client-logos/pearson-logo.svg]
[solutionstream.com/assets/client-logos/ancestry-logo.svg]
[solutionstream.com/assets/client-logos/overstock.svg]
[solutionstream.com/assets/client-logos/youngliving.svg]
[solutionstream.com/assets/client-logos/nuskin.svg]
[solutionstream.com/assets/client-logos/extraspacestorage.svg]
[solutionstream.com/assets/client-logos/doterra.svg]
[solutionstream.com/assets/client-logos/wgu.svg]
[solutionstream.com/assets/client-logos/qualtrics.svg]
[solutionstream.com/assets/client-logos/franklincovey.svg]
[solutionstream.com/assets/client-logos/modere-logo@2x.svg]
[solutionstream.com/privacy-policy.html]
[solutionstream.com/fonts/icons/icomoon6169.svg]
[solutionstream.com/assets/solutionmap/solutionmap-1.svg]
[solutionstream.com/assets/solutionmap/solutionmap-2.svg]
[solutionstream.com/assets/solutionmap/solutionmap-3.svg]
[solutionstream.com/assets/solutionmap/solutionmap-4.svg]
[solutionstream.com/img/asset/YXNzZXRzL3Byb2plY3RzL3NlbmVnZW5jZS9zZW5lZ2VuY2UtbW9iaWxlLmpwZWc=9ead.jpg]
[solutionstream.com/img/asset/YXNzZXRzL3Byb2plY3RzL3NlbmVnZW5jZS9zZW5lZ2VuY2UtMi5wbmc=c833.png]
[solutionstream.com/img/asset/YXNzZXRzL3Byb2plY3RzL3NlbmVnZW5jZS9zZW5lZ2VuY2UtYWxsLnBuZw==c149.png]
[solutionstream.com/work/senegence.html]
[solutionstream.com/assets/projects/senegence/senegence_logo.svg]
[solutionstream.com/img/asset/YXNzZXRzL3Byb2plY3RzL2RlbHV4ZS9kZWx1eGUtZGlnaXRhbC0xLnBuZw==96a1.png]
[solutionstream.com/img/asset/YXNzZXRzL3Byb2plY3RzL2RlbHV4ZS9kZWx1eGUtZGlnaXRhbC0yLnBuZw==c017.png]
[solutionstream.com/assets/projects/deluxe/projector.jpg]
[solutionstream.com/img/asset/YXNzZXRzL3Byb2plY3RzL2RlbHV4ZS9kZWx1eGUtaGVhZGVyLmpwZw==c16a.jpg]
[solutionstream.com/work/deluxe-technicolor.html]
[solutionstream.com/assets/projects/deluxe/deluxe_technicolor_white.svg]
[solutionstream.com/img/asset/YXNzZXRzL3Byb2plY3RzL3lvdW5nLWxpdmluZy95b3VuZy1saXZpbmctMS5wbmc=6ce3.png]
[solutionstream.com/img/asset/YXNzZXRzL3Byb2plY3RzL3lvdW5nLWxpdmluZy95b3VuZy1saXZpbmctMi5wbmc=3e4a.png]
[solutionstream.com/assets/projects/young-living/young_living_oils_bkg.jpg]
[solutionstream.com/work/young-living.html]
[solutionstream.com/assets/projects/young-living/young-living-logo-white.svg]
[solutionstream.com/img/asset/YXNzZXRzL3Byb2plY3RzL3lvdW5nLWxpdmluZy95bC1vaWxzLmpwZw==e053.jpg]
[solutionstream.com/img/asset/YXNzZXRzL3Byb2plY3RzL3dndS91dnUtbGFwdG9wLnBuZw==77e3.png]
[solutionstream.com/img/asset/YXNzZXRzL3Byb2plY3RzL3dndS93Z3UtMi5wbmc=9673.png]
[solutionstream.com/assets/projects/wgu/building-with-fountain.jpg]
[solutionstream.com/work/wgu.html]
[solutionstream.com/assets/projects/wgu/WGU-logo.svg]
[solutionstream.com/img/asset/YXNzZXRzL3Byb2plY3RzL3dndS9hYm91dC1zdG9yeS1taXNzaW9uLndlYnA=5070]
[solutionstream.com/img/asset/YXNzZXRzL3Byb2plY3RzL21vZGVyZS9tb2RlcmUtMS5wbmc=145b.png]
[solutionstream.com/img/asset/YXNzZXRzL3Byb2plY3RzL21vZGVyZS9tb2RlcmUtMi5wbmc=fa11.png]
[solutionstream.com/assets/projects/modere/livecleanproducts_1.jpg]
[solutionstream.com/work/modere.html]
[solutionstream.com/img/asset/YXNzZXRzL3Byb2plY3RzL21vZGVyZS9kaXNod2FzaGVyX2dlbF9hbmRfbXVsdGktc3VyZmFjZV9jbGVhbmVyLnBuZw==fdf6.png]
[solutionstream.com/img/asset/YXNzZXRzL3Byb2plY3RzL2V4dHJhLXNwYWNlL2V4dHJhLXNwYWNlLTEuanBlZw==46e5.jpg]
[solutionstream.com/img/asset/YXNzZXRzL3Byb2plY3RzL2V4dHJhLXNwYWNlL2Vzcy13aXphcmQuanBn48eb.jpg]
[solutionstream.com/img/asset/YXNzZXRzL3Byb2plY3RzL2V4dHJhLXNwYWNlL2xhbmRzY2FwZS5qcGc=ef6f.jpg]
[solutionstream.com/work/extra-space-storage.html]
[solutionstream.com/img/asset/YXNzZXRzL3Byb2plY3RzL2J5dWkvYnl1aS0xLmpwZWc=3edc.jpg]
[solutionstream.com/img/asset/YXNzZXRzL3Byb2plY3RzL2J5dWkvYnl1aS0yLmpwZw==9c04.jpg]
[solutionstream.com/assets/projects/byui/signs20110610_gp07.jpg]
[solutionstream.com/img/asset/YXNzZXRzL3Byb2plY3RzL2J5dWkvMTcwOTExX2JhY2t0b3NjaG9vbF8wMDdpZy5qcGc=b821.jpg]
[solutionstream.com/work/byu-idaho.html]
[solutionstream.com/assets/projects/byui/BYU-Idaho-white.svg]
[solutionstream.com/blog/why-you-should-get-rid-of-your-outdated-software.html]
[solutionstream.com/img/asset/YXNzZXRzL2Jsb2cvcGV4ZWxzLWFuZHJlYS1waWFjcXVhZGlvLTM3Nzc1NzIuanBn254a.jpg]
[solutionstream.com/blog/agile-development-principles-practice-progress.html]
[solutionstream.com/img/asset/YXNzZXRzL2Jsb2cvcGV4ZWxzLWl2YW4tc2Fta292LTcyMTM0MzkuanBn7bb9.jpg]
[solutionstream.com/blog/the-truth-about-outsourcing.html]
[solutionstream.com/img/asset/YXNzZXRzL2Jsb2cvcGV4ZWxzLWZhdXhlbHMtMzE4NDQxOC5qcGc=7c84.jpg]
[solutionstream.com/blog/the-worldwide-pathway-to-success.html]
[solutionstream.com/img/asset/YXNzZXRzL2Jsb2cvY29tcC5wbmc=c9ac.png]
[solutionstream.com/blog/how-to-effectively-lead-and-manage-remote-teams.html]
[solutionstream.com/img/asset/YXNzZXRzL2Jsb2cvYmxvZ19wb3N0LmpwZw==b53c.jpg]
[solutionstream.com/blog/every-company-a-technology-company.html]
[solutionstream.com/img/asset/YXNzZXRzL2Jsb2cvZXZlcnktY29tcGFueS1hLXRlY2gtY29tcGFueS9ldmVyeS1jb21wYW55LWEtdGVjaC1jb21wYW55LWhlYWRlci5qcGVn7fb3.jpg]
[solutionstream.com/blog4658.html]
[solutionstream.com/blog2679.html]
[solutionstream.com/blog/engineers-upgraded-how-solutionstream-turns-great-devs-into-ai-intelligent-engineers.html]
[solutionstream.com/assets/blog/dot-blue-wave-light-screen-gradient-texture-background_1045959-21388.avif]
[solutionstream.com/img/asset/YXNzZXRzL2Jsb2cvY2xlbS1vbm9qZWdodW8tZnk4anI0aXVwcW0tdW5zcGxhc2guanBn4d03.jpg]
[solutionstream.com/img/asset/YXNzZXRzL2Jsb2cvY2xlbS1vbm9qZWdodW8tZnk4anI0aXVwcW0tdW5zcGxhc2guanBn0852.jpg]
[solutionstream.com/blog/why-companies-choose-outside-vendors-for-hiring-technical-experts.html]
[solutionstream.com/img/asset/YXNzZXRzL2Jsb2cvdW51c2VkL3NvbHV0aW9uc3RyZWFtLmpwZWc=bc67.jpg]
[solutionstream.com/img/asset/YXNzZXRzL2Jsb2cvdW51c2VkL3NvbHV0aW9uc3RyZWFtLmpwZWc=df92.jpg]
[solutionstream.com/blog/the-pros-and-cons-of-hiring-contractors-vs-full-time-employees-for-software-development.html]
[solutionstream.com/img/asset/YXNzZXRzL2Jsb2cvYWktYWZmZWN0cy1zb2Z0d2FyZS1kZXYuanBlZw==30c9.jpg]
[solutionstream.com/img/asset/YXNzZXRzL2Jsb2cvYWktYWZmZWN0cy1zb2Z0d2FyZS1kZXYuanBlZw==221d.jpg]
[solutionstream.com/blog/how-ai-affects-custom-software-development.html]
[solutionstream.com/img/asset/YXNzZXRzL2Jsb2cvbmVhcnNob3JlLWJlbmVmaXRzLmpwZWc=779a.jpg]
[solutionstream.com/blog/the-benefits-of-using-nearshore-developers.html]
[solutionstream.com/img/asset/YXNzZXRzL2Jsb2cvcHJvcy1hbmQtY29ucy1zdGFmZi1hdWcuanBlZw==9d38.jpg]
[solutionstream.com/blog/the-pros-and-cons-of-staff-augmentation.html]
[solutionstream.com/img/asset/YXNzZXRzL2Jsb2cvcHJvcy1hbmQtY29ucy1zdGFmZi1hdWcuanBlZw==5dd9.jpg]
[solutionstream.com/img/asset/YXNzZXRzL2Jsb2cvZHNjXzA4OTctMi5qcGc=2f6c.jpg]
[solutionstream.com/blog/artificial-intelligence-and-machine-learning.html]
[solutionstream.com/img/asset/YXNzZXRzL2Jsb2cvZHNjXzA4OTctMi5qcGc=39be.jpg]
[solutionstream.com/blog/why-ui-ux-design-can-make-or-break-a-company.html]
[solutionstream.com/img/asset/YXNzZXRzL2Jsb2cvd2h5LXVpLXV4LWRlc2lnbi1jYW4tbWFrZS1vci1icmVhay1hLWNvbXBhbnkvd2h5LXVpdXgtZGVzaWduLW1ha2Utb3ItYnJlYWstaGVhZGVyLmpwZWc=f62b.jpg]
[solutionstream.com/blog/software-development-myths.html]
[solutionstream.com/img/asset/YXNzZXRzL2Jsb2cvc29mdHdhcmUtZGV2ZWxvcG1lbnQtbXl0aHMvYW5ncnktY29tcHV0ZXItdXNlci5qcGc=e333.jpg]
[solutionstream.com/blog/creating-a-better-product-strategy.html]
[solutionstream.com/img/asset/YXNzZXRzL2Jsb2cvY3JlYXRpbmctYS1iZXR0ZXItcHJvZHVjdC1zdHJhdGVneS9tZWV0aW5nLXN0cmF0ZWd5LmpwZw==3a1c.jpg]
[solutionstream.com/blog/it-modernization-why-its-time-to-update-your-platform.html]
[solutionstream.com/img/asset/YXNzZXRzL2Jsb2cvaXQtbW9kZXJuaXphdGlvbi13aHktaXRzLXRpbWUtdG8tdXBncmFkZS9pdF9tb2Rlcm5pemF0aW9uLmpwZw==ed96.jpg]
[solutionstream.com/blog/why-use-user-testing.html]
[solutionstream.com/img/asset/YXNzZXRzL2Jsb2cvd2h5LXVzZS11c2VyLXRlc3Rpbmcvd2h5LXVzZS11c2VyLXRlc3RpbmctaGVyby5qcGc=8b50.jpg]
[solutionstream.com/blog/3-things-we-learned-from-front-conference.html]
[solutionstream.com/blog9ba9.html]
[solutionstream.com/img/asset/YXNzZXRzL2Jsb2cvMy10aGluZ3Mtd2UtbGVhcm5lZC1mcm9tLWZyb250LWNvbmZlcmVuY2UvdGhlLWNsaW1hdGUtcmVhbGl0eS1wcm9qZWN0LWhiNnV3cTBpNG1pLXVuc3BsYXNoLXNtYWxsLmpwZw==942b.jpg]
[solutionstream.com/blog/test-case-management.html]
[solutionstream.com/img/asset/YXNzZXRzL2Jsb2cvdGVzdC1jYXNlLW1hbmFnZW1lbnQvZGFyaWEtbmVwcmlha2hpbmEtNDc0MDM2LXVuc3BsYXNoLmpwZw==f729.jpg]
[solutionstream.com/blog/benefits-of-custom-built-software.html]
[solutionstream.com/img/asset/YXNzZXRzL2Jsb2cvYmVuZWZpdHMtb2YtY3VzdG9tLWJ1aWx0LXNvZnR3YXJlL21pbWktdGhpYW4tNzM3MDM2LXVuc3BsYXNoLmpwZw==028d.jpg]
[solutionstream.com/blog/how-do-you-measure-project-success.html]
[solutionstream.com/img/asset/YXNzZXRzL2Jsb2cvaG93LWRvLXlvdS1tZWFzdXJlLXByb2plY3Qtc3VjY2Vzcy9tZWFzdXJlLXN1Y2Nlc3MucG5nd36d.png]
[solutionstream.com/blog/using-retrospectives.html]
[solutionstream.com/img/asset/YXNzZXRzL2Jsb2cvdXNpbmctcmV0cm9zcGVjdGl2ZXMvcmV0cm9zcGVjdGl2ZXMtdW5zcGxhc2guanBn2b33.jpg]
[solutionstream.com/blog/toughest-challenges-attributed-to-enterprise-software-and-how-to-beat-them.html]
[solutionstream.com/img/asset/YXNzZXRzL2Jsb2cvY2hhbGxlbmdlcy13aXRoLWVudGVycHJpc2Utc29mdHdhcmUtYW5kLWJlYXQtdGhlbS9ndWVzdC1ibG9nLXBpYy5qcGc=8838.jpg]
[solutionstream.com/blog/ux-is-a-team-sport.html]
[solutionstream.com/blogfdb0.html]
[solutionstream.com/img/asset/YXNzZXRzL2Jsb2cvdXgtaXMtYS10ZWFtLXNwb3J0L3V4LXRlYW0tc3BvcnQtaGVyby5qcGc=a923.jpg]
[solutionstream.com/blog/what-is-vue-js.html]
[solutionstream.com/img/asset/YXNzZXRzL2Jsb2cvd2hhdC1pcy12dWUtanMvdnVlanNfYmxvZ19oZXJvLmpwZw==e21c.jpg]
[solutionstream.com/blog/what-is-react.html]
[solutionstream.com/img/asset/YXNzZXRzL2Jsb2cvd2hhdC1pcy1yZWFjdC9yZWFjdF9oZXJvLTE1NTQ0MTQyMzAuanBnebf9.jpg]
[solutionstream.com/blog/5-benefits-of-using-a-product-design-sprint-in-your-enterprise-business.html]
[solutionstream.com/img/asset/YXNzZXRzL2Jsb2cvNS1iZW5lZml0cy11c2luZy1wcm9kdWN0LWRlc2lnbi1zcHJpbnQvYWRvYmVzdG9ja18xMTE1MDc4MzkuanBlZw==4782.jpg]
[solutionstream.com/blog/is-mobile-first-hype-in-2019.html]
[solutionstream.com/img/asset/YXNzZXRzL2Jsb2cvbW9iaWxlLWZpcnN0LWh5cGUvbW9iaWxlLXBob25lcy0xNDAwLmpwZw==6ab8.jpg]
[solutionstream.com/blog/5-tips-for-getting-the-most-out-of-silicon-slopes-tech-summit-2019-2.html]
[solutionstream.com/img/asset/YXNzZXRzL2Jsb2cvNS10aXBzLXNvbGxpY29uLXNsb3Blcy0yMDE5L25ldHdvcmtpbmctaW1hZ2UuanBn7eae.jpg]
[solutionstream.com/blog/q-learning-in-practice-rl-series-part-3.html]
[solutionstream.com/blogaf4d.html]
[solutionstream.com/img/asset/YXNzZXRzL2Jsb2cvUkwvcjIuanBnf10b.jpg]
[solutionstream.com/blog/reinforcement-learning-how-to-drop-the-transition-function-rl-series-part-2.html]
[solutionstream.com/img/asset/YXNzZXRzL2Jsb2cvUkwvYmx1ZXNoaXJ0LSgxKS5qcGc=c0c2.jpg]
[solutionstream.com/blog/what-makes-reinforcement-learning-so-exciting-rl-series-part-1.html]
[solutionstream.com/blogc575.html]
[solutionstream.com/img/asset/YXNzZXRzL2Jsb2cvUkwvaHVtYW5hbmRyb2JvdGhhbmRzLmpwZw==8b1b.jpg]
[solutionstream.com/assets/projects/byui/signs20110610_gp07.jpg]
[solutionstream.com/img/asset/YXNzZXRzL2Jsb2cvcGV4ZWxzLWFuZHJlYS1waWFjcXVhZGlvLTM3Nzc1NzIuanBn8d31.jpg]
[solutionstream.com/blog/why-you-should-get-rid-of-your-outdated-software.html]
[solutionstream.com/img/asset/YXNzZXRzL2Jsb2cvcGV4ZWxzLWFuZHJlYS1waWFjcXVhZGlvLTM3Nzc1NzIuanBn6d39.jpg]
[solutionstream.com/img/asset/YXNzZXRzL2Jsb2cvcGV4ZWxzLWl2YW4tc2Fta292LTcyMTM0MzkuanBn8175.jpg]
[solutionstream.com/img/asset/YXNzZXRzL2Jsb2cvcGV4ZWxzLWl2YW4tc2Fta292LTcyMTM0MzkuanBn707b.jpg]
[solutionstream.com/blog/agile-development-principles-practice-progress.html]
[solutionstream.com/img/asset/YXNzZXRzL2Jsb2cvcGV4ZWxzLWZhdXhlbHMtMzE4NDQxOC5qcGc=30fa.jpg]
[solutionstream.com/img/asset/YXNzZXRzL2Jsb2cvcGV4ZWxzLWZhdXhlbHMtMzE4NDQxOC5qcGc=c1ef.jpg]
[solutionstream.com/blog/the-truth-about-outsourcing.html]
[solutionstream.com/img/asset/YXNzZXRzL2Jsb2cvY29tcC5wbmc=7900.png]
[solutionstream.com/img/asset/YXNzZXRzL2Jsb2cvY29tcC5wbmc=5d9e.png]
[solutionstream.com/blog/the-worldwide-pathway-to-success.html]
[solutionstream.com/img/asset/YXNzZXRzL2Jsb2cvYmxvZ19wb3N0LmpwZw==4929.jpg]
[solutionstream.com/img/asset/YXNzZXRzL2Jsb2cvYmxvZ19wb3N0LmpwZw==b964.jpg]
[solutionstream.com/blog/how-to-effectively-lead-and-manage-remote-teams.html]
[solutionstream.com/img/asset/YXNzZXRzL2Jsb2cvZXZlcnktY29tcGFueS1hLXRlY2gtY29tcGFueS9ldmVyeS1jb21wYW55LWEtdGVjaC1jb21wYW55LWhlYWRlci5qcGVn7ebf.jpg]
[solutionstream.com/img/asset/YXNzZXRzL2Jsb2cvZXZlcnktY29tcGFueS1hLXRlY2gtY29tcGFueS9ldmVyeS1jb21wYW55LWEtdGVjaC1jb21wYW55LWhlYWRlci5qcGVn6cb6.jpg]
[solutionstream.com/blog/every-company-a-technology-company.html]
[solutionstream.com/blog2679.html]
[solutionstream.com/img/asset/YXNzZXRzL2Jsb2cvd2h5LXVpLXV4LWRlc2lnbi1jYW4tbWFrZS1vci1icmVhay1hLWNvbXBhbnkvd2h5LXVpdXgtZGVzaWduLW1ha2Utb3ItYnJlYWstaGVhZGVyLmpwZWc=9e26.jpg]
[solutionstream.com/img/asset/YXNzZXRzL2Jsb2cvbmVhcnNob3JlLWJlbmVmaXRzLmpwZWc=ba69]
[solutionstream.com/img/asset/YXNzZXRzL2Jsb2cvd2h5LXVpLXV4LWRlc2lnbi1jYW4tbWFrZS1vci1icmVhay1hLWNvbXBhbnkvd2h5LXVpdXgtZGVzaWduLW1ha2Utb3ItYnJlYWstaGVhZGVyLmpwZWc=b909.jpg]
[solutionstream.com/blog/why-ui-ux-design-can-make-or-break-a-company.html]
[solutionstream.com/img/asset/YXNzZXRzL2Jsb2cvc29mdHdhcmUtZGV2ZWxvcG1lbnQtbXl0aHMvYW5ncnktY29tcHV0ZXItdXNlci5qcGc=8bc3.jpg]
[solutionstream.com/blog/software-development-myths.html]
[solutionstream.com/img/asset/YXNzZXRzL2Jsb2cvc29mdHdhcmUtZGV2ZWxvcG1lbnQtbXl0aHMvYW5ncnktY29tcHV0ZXItdXNlci5qcGc=4c38.jpg]
[solutionstream.com/img/asset/YXNzZXRzL2Jsb2cvY3JlYXRpbmctYS1iZXR0ZXItcHJvZHVjdC1zdHJhdGVneS9tZWV0aW5nLXN0cmF0ZWd5LmpwZw==dcfa.jpg]
[solutionstream.com/img/asset/YXNzZXRzL2Jsb2cvY3JlYXRpbmctYS1iZXR0ZXItcHJvZHVjdC1zdHJhdGVneS9tZWV0aW5nLXN0cmF0ZWd5LmpwZw==be6a.jpg]
[solutionstream.com/blog/creating-a-better-product-strategy.html]
[solutionstream.com/img/asset/YXNzZXRzL2Jsb2cvaXQtbW9kZXJuaXphdGlvbi13aHktaXRzLXRpbWUtdG8tdXBncmFkZS9pdF9tb2Rlcm5pemF0aW9uLmpwZw==9107.jpg]
[solutionstream.com/img/asset/YXNzZXRzL2Jsb2cvaXQtbW9kZXJuaXphdGlvbi13aHktaXRzLXRpbWUtdG8tdXBncmFkZS9pdF9tb2Rlcm5pemF0aW9uLmpwZw==aa52.jpg]
[solutionstream.com/blog/it-modernization-why-its-time-to-update-your-platform.html]
[solutionstream.com/blog/why-use-user-testing.html]
[solutionstream.com/img/asset/YXNzZXRzL2Jsb2cvMy10aGluZ3Mtd2UtbGVhcm5lZC1mcm9tLWZyb250LWNvbmZlcmVuY2UvdGhlLWNsaW1hdGUtcmVhbGl0eS1wcm9qZWN0LWhiNnV3cTBpNG1pLXVuc3BsYXNoLXNtYWxsLmpwZw==c2c7.jpg]
[solutionstream.com/img/asset/YXNzZXRzL2Jsb2cvMy10aGluZ3Mtd2UtbGVhcm5lZC1mcm9tLWZyb250LWNvbmZlcmVuY2UvdGhlLWNsaW1hdGUtcmVhbGl0eS1wcm9qZWN0LWhiNnV3cTBpNG1pLXVuc3BsYXNoLXNtYWxsLmpwZw==2eb1.jpg]
[solutionstream.com/blog/3-things-we-learned-from-front-conference.html]
[solutionstream.com/assets/blog/3-things-we-learned-from-front-conference/pyramid.svg]
[solutionstream.com/img/asset/YXNzZXRzL2Jsb2cvdGVzdC1jYXNlLW1hbmFnZW1lbnQvZGFyaWEtbmVwcmlha2hpbmEtNDc0MDM2LXVuc3BsYXNoLmpwZw==fd96.jpg]
[solutionstream.com/blog/test-case-management.html]
[solutionstream.com/img/asset/YXNzZXRzL2Jsb2cvdGVzdC1jYXNlLW1hbmFnZW1lbnQvZGFyaWEtbmVwcmlha2hpbmEtNDc0MDM2LXVuc3BsYXNoLmpwZw==03b8.jpg]
[solutionstream.com/img/asset/YXNzZXRzL2Jsb2cvYmVuZWZpdHMtb2YtY3VzdG9tLWJ1aWx0LXNvZnR3YXJlL21pbWktdGhpYW4tNzM3MDM2LXVuc3BsYXNoLmpwZw==b82f.jpg]
[solutionstream.com/blog/benefits-of-custom-built-software.html]
[solutionstream.com/img/asset/YXNzZXRzL2Jsb2cvYmVuZWZpdHMtb2YtY3VzdG9tLWJ1aWx0LXNvZnR3YXJlL21pbWktdGhpYW4tNzM3MDM2LXVuc3BsYXNoLmpwZw==5c38.jpg]
[solutionstream.com/img/asset/YXNzZXRzL2Jsb2cvaG93LWRvLXlvdS1tZWFzdXJlLXByb2plY3Qtc3VjY2Vzcy9tZWFzdXJlLXN1Y2Nlc3MucG5n6cea.png]
[solutionstream.com/img/asset/YXNzZXRzL2Jsb2cvaG93LWRvLXlvdS1tZWFzdXJlLXByb2plY3Qtc3VjY2Vzcy9tZWFzdXJlLXN1Y2Nlc3MucG5n959e.png]
[solutionstream.com/assets/blog/how-do-you-measure-project-success/measure-success-1.png]
[solutionstream.com/blog/how-do-you-measure-project-success.html]
[solutionstream.com/img/asset/YXNzZXRzL2Jsb2cvdXNpbmctcmV0cm9zcGVjdGl2ZXMvcmV0cm9zcGVjdGl2ZXMtdW5zcGxhc2guanBn3ef4.jpg]
[solutionstream.com/img/asset/YXNzZXRzL2Jsb2cvdXNpbmctcmV0cm9zcGVjdGl2ZXMvcmV0cm9zcGVjdGl2ZXMtdW5zcGxhc2guanBn8cc5.jpg]
[solutionstream.com/blog/using-retrospectives.html]
[solutionstream.com/img/asset/YXNzZXRzL2Jsb2cvY2hhbGxlbmdlcy13aXRoLWVudGVycHJpc2Utc29mdHdhcmUtYW5kLWJlYXQtdGhlbS9ndWVzdC1ibG9nLXBpYy5qcGc=0241.jpg]
[solutionstream.com/img/asset/YXNzZXRzL2Jsb2cvY2hhbGxlbmdlcy13aXRoLWVudGVycHJpc2Utc29mdHdhcmUtYW5kLWJlYXQtdGhlbS9ndWVzdC1ibG9nLXBpYy5qcGc=88c4.jpg]
[solutionstream.com/blog/toughest-challenges-attributed-to-enterprise-software-and-how-to-beat-them.html]
[solutionstream.com/img/asset/YXNzZXRzL2Jsb2cvdXgtaXMtYS10ZWFtLXNwb3J0L3V4LXRlYW0tc3BvcnQtaGVyby5qcGc=27eb.jpg]
[solutionstream.com/img/asset/YXNzZXRzL2Jsb2cvdXgtaXMtYS10ZWFtLXNwb3J0L3V4LXRlYW0tc3BvcnQtaGVyby5qcGc=63e6.jpg]
[solutionstream.com/blog/ux-is-a-team-sport.html]
[solutionstream.com/img/asset/YXNzZXRzL2Jsb2cvd2hhdC1pcy12dWUtanMvdnVlanNfYmxvZ19oZXJvLmpwZw==059e.jpg]
[solutionstream.com/blog/what-is-vue-js.html]
[solutionstream.com/img/asset/YXNzZXRzL2Jsb2cvd2hhdC1pcy12dWUtanMvdnVlanNfYmxvZ19oZXJvLmpwZw==324f.jpg]
[solutionstream.com/img/asset/YXNzZXRzL2Jsb2cvd2hhdC1pcy1yZWFjdC9yZWFjdF9oZXJvLTE1NTQ0MTQyMzAuanBncd19.jpg]
[solutionstream.com/img/asset/YXNzZXRzL2Jsb2cvd2hhdC1pcy1yZWFjdC9yZWFjdF9oZXJvLTE1NTQ0MTQyMzAuanBnbde1.jpg]
[solutionstream.com/blog/{{ link_de627bca-7595-429e-9b41-ad58703916d7 }}]
[solutionstream.com/blog/what-is-react.html]
[solutionstream.com/img/asset/YXNzZXRzL2Jsb2cvNS1iZW5lZml0cy11c2luZy1wcm9kdWN0LWRlc2lnbi1zcHJpbnQvYWRvYmVzdG9ja18xMTE1MDc4MzkuanBlZw==3d7f.jpg]
[solutionstream.com/img/asset/YXNzZXRzL2Jsb2cvNS1iZW5lZml0cy11c2luZy1wcm9kdWN0LWRlc2lnbi1zcHJpbnQvYWRvYmVzdG9ja18xMTE1MDc4MzkuanBlZw==eaa2.jpg]
[solutionstream.com/assets/blog/5-benefits-using-product-design-sprint/blog.png]
[solutionstream.com/assets/blog/5-benefits-using-product-design-sprint/blog-2.png]
[solutionstream.com/blog/5-benefits-of-using-a-product-design-sprint-in-your-enterprise-business.html]
[solutionstream.com/assets/blog/5-benefits-using-product-design-sprint/blog-4.png]
[solutionstream.com/img/asset/YXNzZXRzL2Jsb2cvbW9iaWxlLWZpcnN0LWh5cGUvbW9iaWxlLXBob25lcy0xNDAwLmpwZw==289b.jpg]
[solutionstream.com/img/asset/YXNzZXRzL2Jsb2cvbW9iaWxlLWZpcnN0LWh5cGUvbW9iaWxlLXBob25lcy0xNDAwLmpwZw==71ab.jpg]
[solutionstream.com/blog/is-mobile-first-hype-in-2019.html]
[solutionstream.com/img/asset/YXNzZXRzL2Jsb2cvNS10aXBzLXNvbGxpY29uLXNsb3Blcy0yMDE5L25ldHdvcmtpbmctaW1hZ2UuanBn2e1c.jpg]
[solutionstream.com/img/asset/YXNzZXRzL2Jsb2cvNS10aXBzLXNvbGxpY29uLXNsb3Blcy0yMDE5L25ldHdvcmtpbmctaW1hZ2UuanBnfb11.jpg]
[solutionstream.com/blog/5-tips-for-getting-the-most-out-of-silicon-slopes-tech-summit-2019-2.html]
[solutionstream.com/img/asset/YXNzZXRzL2Jsb2cvUkwvcjIuanBnc20f.jpg]
[solutionstream.com/img/asset/YXNzZXRzL2Jsb2cvUkwvcjIuanBnb4cd.jpg]
[solutionstream.com/assets/blog/RL/robot-in-maze.png]
[solutionstream.com/assets/blog/RL/q-table-all-zeros.png]
[solutionstream.com/assets/blog/RL/robot-in-maze2.png]
[solutionstream.com/assets/blog/RL/robot-finds-goal.png]
[solutionstream.com/assets/blog/RL/q-table-2.png]
[solutionstream.com/assets/blog/RL/q-table-3.png]
[solutionstream.com/assets/blog/RL/q-table-4.png]
[solutionstream.com/assets/blog/RL/q-table-ideal.png]
[solutionstream.com/assets/blog/RL/bband.png]
[solutionstream.com/assets/blog/RL/bbanddiscrete.png]
[solutionstream.com/assets/blog/RL/stock-in-sample.png]
[solutionstream.com/assets/blog/RL/stock-out-sample.png]
[solutionstream.com/blog/q-learning-in-practice-rl-series-part-3.html]
[solutionstream.com/img/asset/YXNzZXRzL2Jsb2cvUkwvYmx1ZXNoaXJ0LSgxKS5qcGc=8b51.jpg]
[solutionstream.com/img/asset/YXNzZXRzL2Jsb2cvUkwvYmx1ZXNoaXJ0LSgxKS5qcGc=5c2d.jpg]
[solutionstream.com/assets/blog/RL/review.png]
[solutionstream.com/assets/blog/RL/q-function.png]
[solutionstream.com/assets/blog/RL/value-function.png]
[solutionstream.com/assets/blog/RL/optimal-policy.png]
[solutionstream.com/assets/blog/RL/optimal-policy-by-state.png]
[solutionstream.com/assets/blog/RL/q-function-equation.png]
[solutionstream.com/assets/blog/RL/optimal-policy-via-q.png]
[solutionstream.com/assets/blog/RL/optimal-value-by-q.png]
[solutionstream.com/assets/blog/RL/recurive-q.png]
[solutionstream.com/assets/blog/RL/q-table-update.png]
[solutionstream.com/blog/reinforcement-learning-how-to-drop-the-transition-function-rl-series-part-2.html]
[solutionstream.com/img/asset/YXNzZXRzL2Jsb2cvUkwvaHVtYW5hbmRyb2JvdGhhbmRzLmpwZw==0e55.jpg]
[solutionstream.com/img/asset/YXNzZXRzL2Jsb2cvUkwvaHVtYW5hbmRyb2JvdGhhbmRzLmpwZw==c652.jpg]
[solutionstream.com/assets/blog/RL/ai_chart.png]
[solutionstream.com/assets/blog/RL/supervised-learning.png]
[solutionstream.com/assets/blog/RL/unsupervised-learning.png]
[solutionstream.com/assets/blog/RL/maze.png]
[solutionstream.com/assets/blog/RL/actions.png]
[solutionstream.com/assets/blog/RL/transition.png]
[solutionstream.com/assets/blog/RL/dp.png]
[solutionstream.com/assets/blog/RL/policy.png]
[solutionstream.com/assets/blog/RL/thinker.png]
[solutionstream.com/blog/what-makes-reinforcement-learning-so-exciting-rl-series-part-1.html]
[solutionstream.com/assets/blog/3-things-we-learned-from-front-conference/pyramid.svg]
[solutionstream.com/blog/{{ link_de627bca-7595-429e-9b41-ad58703916d7 }}.html]
